// Jest Snapshot v1, https://goo.gl/fbAQLP

exports[`should render the Picker component 1`] = `
<div>
  <div>
    <label>
      Head
      <select>
        <option>
          bird
        </option>
        <option>
          dog
        </option>
        <option>
          duck
        </option>
        <option>
          horse
        </option>
      </select>
    </label>
    <label>
      Middle
      <select>
        <option>
          blue
        </option>
        <option>
          fancy
        </option>
        <option>
          pink
        </option>
        <option>
          red
        </option>
      </select>
    </label>
    <label>
      Pants
      <select>
        <option>
          blue
        </option>
        <option>
          dog
        </option>
        <option>
          leg
        </option>
        <option>
          white
        </option>
      </select>
    </label>
    <label>
      New Phrase:
      <input
        type="text"
        value=""
      />
    </label>
    <button
      type="button"
    >
      Submit Phrase!
    </button>
  </div>
</div>
`;
